// Jest Snapshot v1, https://goo.gl/fbAQLP

exports[`Executor should render Frontmatter 1`] = `
"
+––––––––––––––+
⎪   New File   ⎪
+––––––––––––––+
Testing text for a new file
"
`;
