// Jest Snapshot v1, https://goo.gl/fbAQLP

exports[`useMutation useMutation calls the resolver with the argument shouldn't work with query function 1`] = `"\\"useMutation\\" was expected to be called with a mutation but was called with a \\"query\\""`;

exports[`useMutation useMutation calls the resolver with the argument shouldn't work with regular functions 1`] = `"Either the file path to your resolver is incorrect (must be in a \\"queries\\" or \\"mutations\\" folder that isn't nested inside \\"pages\\" or \\"api\\") or you are trying to use Blitz's useQuery to fetch from third-party APIs (to do that, import useQuery directly from \\"react-query\\")"`;
