// Jest Snapshot v1, https://goo.gl/fbAQLP

exports[`useQuery a "query" that converts the string parameter to uppercase shouldn't work with regular functions 1`] = `"It looks like you are trying to use Blitz's useQuery to fetch from third-party APIs. To do that, import useQuery directly from \\"react-query\\""`;
