// Jest Snapshot v1, https://goo.gl/fbAQLP

exports[`addPrismaIndex skips if model is missing 1`] = `
"datasource db {
  provider = \\"sqlite\\"
  url      = \\"file:./db.sqlite\\"
}"
`;
