// Jest Snapshot v1, https://goo.gl/fbAQLP

exports[`addPrismaModel creates model 1`] = `
"
datasource db {
  provider = \\"sqlite\\"
  url      = \\"file:./db.sqlite\\"
}

model Project {
  id String
}
"
`;
